[    0.000000] Linux version 4.15.0-130-generic (buildd@lcy01-amd64-018) (gcc version 7.5.0 (Ubuntu 7.5.0-3ubuntu1~18.04)) #134-Ubuntu SMP Tue Jan 5 20:46:26 UTC 2021 (Ubuntu 4.15.0-130.134-generic 4.15.18)
[    0.000000] Command line: BOOT_IMAGE=/boot/vmlinuz-4.15.0-130-generic root=LABEL=cloudimg-rootfs ro console=tty1 console=ttyS0
[    0.000000] KERNEL supported cpus:
[    0.000000]   Intel GenuineIntel
[    0.000000]   AMD AuthenticAMD
[    0.000000]   Centaur CentaurHauls
[    0.000000] x86/fpu: x87 FPU will use FXSAVE
[    0.000000] e820: BIOS-provided physical RAM map:
[    0.000000] BIOS-e820: [mem 0x0000000000000000-0x000000000009fbff] usable
[    0.000000] BIOS-e820: [mem 0x000000000009fc00-0x000000000009ffff] reserved
[    0.000000] BIOS-e820: [mem 0x00000000000f0000-0x00000000000fffff] reserved
[    0.000000] BIOS-e820: [mem 0x0000000000100000-0x000000003ffeffff] usable
[    0.000000] BIOS-e820: [mem 0x000000003fff0000-0x000000003fffffff] ACPI data
[    0.000000] BIOS-e820: [mem 0x00000000fec00000-0x00000000fec00fff] reserved
[    0.000000] BIOS-e820: [mem 0x00000000fee00000-0x00000000fee00fff] reserved
[    0.000000] BIOS-e820: [mem 0x00000000fffc0000-0x00000000ffffffff] reserved
[    0.000000] NX (Execute Disable) protection: active
[    0.000000] SMBIOS 2.5 present.
[    0.000000] DMI: innotek GmbH VirtualBox/VirtualBox, BIOS VirtualBox 12/01/2006
[    0.000000] Hypervisor detected: KVM
[    0.000000] e820: last_pfn = 0x3fff0 max_arch_pfn = 0x400000000
[    0.000000] MTRR: Disabled
[    0.000000] x86/PAT: MTRRs disabled, skipping PAT initialization too.
[    0.000000] CPU MTRRs all blank - virtualized system.
[    0.000000] x86/PAT: Configuration [0-7]: WB  WT  UC- UC  WB  WT  UC- UC  
[    0.000000] found SMP MP-table at [mem 0x0009fff0-0x0009ffff]
[    0.000000] Scanning 1 areas for low memory corruption
[    0.000000] RAMDISK: [mem 0x35a65000-0x36d29fff]
[    0.000000] ACPI: Early table checksum verification disabled
[    0.000000] ACPI: RSDP 0x00000000000E0000 000024 (v02 VBOX  )
[    0.000000] ACPI: XSDT 0x000000003FFF0030 00003C (v01 VBOX   VBOXXSDT 00000001 ASL  00000061)
[    0.000000] ACPI: FACP 0x000000003FFF00F0 0000F4 (v04 VBOX   VBOXFACP 00000001 ASL  00000061)
[    0.000000] ACPI: DSDT 0x000000003FFF0470 0021FF (v02 VBOX   VBOXBIOS 00000002 INTL 20180105)
[    0.000000] ACPI: FACS 0x000000003FFF0200 000040
[    0.000000] ACPI: FACS 0x000000003FFF0200 000040
[    0.000000] ACPI: APIC 0x000000003FFF0240 000054 (v02 VBOX   VBOXAPIC 00000001 ASL  00000061)
[    0.000000] ACPI: SSDT 0x000000003FFF02A0 0001CC (v01 VBOX   VBOXCPUT 00000002 INTL 20180105)
[    0.000000] No NUMA configuration found
[    0.000000] Faking a node at [mem 0x0000000000000000-0x000000003ffeffff]
[    0.000000] NODE_DATA(0) allocated [mem 0x3ffc5000-0x3ffeffff]
[    0.000000] kvm-clock: cpu 0, msr 0:3ff44001, primary cpu clock
[    0.000000] kvm-clock: Using msrs 4b564d01 and 4b564d00
[    0.000000] kvm-clock: using sched offset of 4388745483 cycles
[    0.000000] clocksource: kvm-clock: mask: 0xffffffffffffffff max_cycles: 0x1cd42e4dffb, max_idle_ns: 881590591483 ns
[    0.000000] Zone ranges:
[    0.000000]   DMA      [mem 0x0000000000001000-0x0000000000ffffff]
[    0.000000]   DMA32    [mem 0x0000000001000000-0x000000003ffeffff]
[    0.000000]   Normal   empty
[    0.000000]   Device   empty
[    0.000000] Movable zone start for each node
[    0.000000] Early memory node ranges
[    0.000000]   node   0: [mem 0x0000000000001000-0x000000000009efff]
[    0.000000]   node   0: [mem 0x0000000000100000-0x000000003ffeffff]
[    0.000000] Reserved but unavailable: 98 pages
[    0.000000] Initmem setup node 0 [mem 0x0000000000001000-0x000000003ffeffff]
[    0.000000] ACPI: PM-Timer IO Port: 0x4008
[    0.000000] IOAPIC[0]: apic_id 1, version 32, address 0xfec00000, GSI 0-23
[    0.000000] ACPI: INT_SRC_OVR (bus 0 bus_irq 0 global_irq 2 dfl dfl)
[    0.000000] ACPI: INT_SRC_OVR (bus 0 bus_irq 9 global_irq 9 low level)
[    0.000000] Using ACPI (MADT) for SMP configuration information
[    0.000000] smpboot: Allowing 1 CPUs, 0 hotplug CPUs
[    0.000000] PM: Registered nosave memory: [mem 0x00000000-0x00000fff]
[    0.000000] PM: Registered nosave memory: [mem 0x0009f000-0x0009ffff]
[    0.000000] PM: Registered nosave memory: [mem 0x000a0000-0x000effff]
[    0.000000] PM: Registered nosave memory: [mem 0x000f0000-0x000fffff]
[    0.000000] e820: [mem 0x40000000-0xfebfffff] available for PCI devices
[    0.000000] Booting paravirtualized kernel on KVM
[    0.000000] clocksource: refined-jiffies: mask: 0xffffffff max_cycles: 0xffffffff, max_idle_ns: 7645519600211568 ns
[    0.000000] random: get_random_bytes called from start_kernel+0x99/0x500 with crng_init=0
[    0.000000] setup_percpu: NR_CPUS:8192 nr_cpumask_bits:1 nr_cpu_ids:1 nr_node_ids:1
[    0.000000] percpu: Embedded 45 pages/cpu s147456 r8192 d28672 u2097152
[    0.000000] PV qspinlock hash table entries: 256 (order: 0, 4096 bytes)
[    0.000000] Built 1 zonelists, mobility grouping on.  Total pages: 257913
[    0.000000] Policy zone: DMA32
[    0.000000] Kernel command line: BOOT_IMAGE=/boot/vmlinuz-4.15.0-130-generic root=LABEL=cloudimg-rootfs ro console=tty1 console=ttyS0
[    0.000000] Memory: 983204K/1048120K available (12300K kernel code, 2482K rwdata, 4276K rodata, 2440K init, 2724K bss, 64916K reserved, 0K cma-reserved)
[    0.000000] SLUB: HWalign=64, Order=0-3, MinObjects=0, CPUs=1, Nodes=1
[    0.000000] Kernel/User page tables isolation: enabled
[    0.000000] ftrace: allocating 39421 entries in 154 pages
[    0.004000] Hierarchical RCU implementation.
[    0.004000] 	RCU restricting CPUs from NR_CPUS=8192 to nr_cpu_ids=1.
[    0.004000] 	Tasks RCU enabled.
[    0.004000] RCU: Adjusting geometry for rcu_fanout_leaf=16, nr_cpu_ids=1
[    0.004000] NR_IRQS: 524544, nr_irqs: 256, preallocated irqs: 16
[    0.004000] Console: colour VGA+ 80x25
[    0.004000] console [tty1] enabled
[    0.004000] console [ttyS0] enabled
[    0.004000] ACPI: Core revision 20170831
[    0.004000] ACPI: 2 ACPI AML tables successfully acquired and loaded
[    0.004000] APIC: Switch to symmetric I/O mode setup
[    0.004000] x2apic enabled
[    0.004000] Switched APIC routing to physical x2apic.
[    0.004000] ..TIMER: vector=0x30 apic1=0 pin1=2 apic2=-1 pin2=-1
[    0.004010] tsc: Detected 2260.998 MHz processor
[    0.008018] Calibrating delay loop (skipped) preset value.. 4521.99 BogoMIPS (lpj=9043992)
[    0.012009] pid_max: default: 32768 minimum: 301
[    0.016054] Security Framework initialized
[    0.017144] Yama: becoming mindful.
[    0.018088] AppArmor: AppArmor initialized
[    0.020092] Dentry cache hash table entries: 131072 (order: 8, 1048576 bytes)
[    0.024154] Inode-cache hash table entries: 65536 (order: 7, 524288 bytes)
[    0.028050] Mount-cache hash table entries: 2048 (order: 2, 16384 bytes)
[    0.032016] Mountpoint-cache hash table entries: 2048 (order: 2, 16384 bytes)
[    0.034427] process: using mwait in idle threads
[    0.036012] Last level iTLB entries: 4KB 512, 2MB 7, 4MB 7
[    0.037760] Last level dTLB entries: 4KB 512, 2MB 32, 4MB 32, 1GB 0
[    0.040006] Spectre V1 : Mitigation: usercopy/swapgs barriers and __user pointer sanitization
[    0.044007] Spectre V2 : Mitigation: Full generic retpoline
[    0.045690] Spectre V2 : Spectre v2 / SpectreRSB mitigation: Filling RSB on context switch
[    0.048006] Speculative Store Bypass: Vulnerable
[    0.049517] MDS: Vulnerable: Clear CPU buffers attempted, no microcode
[    0.066096] Freeing SMP alternatives memory: 36K
[    0.176735] APIC calibration not consistent with PM-Timer: 97ms instead of 100ms
[    0.179220] APIC delta adjusted to PM-Timer: 6210865 (6075649)
[    0.180089] smpboot: CPU0: Intel(R) Core(TM) i3 CPU       M 350  @ 2.27GHz (family: 0x6, model: 0x25, stepping: 0x2)
[    0.183476] Performance Events: unsupported p6 CPU model 37 no PMU driver, software events only.
[    0.184078] Hierarchical SRCU implementation.
[    0.186353] NMI watchdog: Perf event create on CPU 0 failed with -2
[    0.188006] NMI watchdog: Perf NMI watchdog permanently disabled
[    0.192146] smp: Bringing up secondary CPUs ...
[    0.193381] smp: Brought up 1 node, 1 CPU
[    0.196010] smpboot: Max logical packages: 1
[    0.197067] smpboot: Total of 1 processors activated (4521.99 BogoMIPS)
[    0.200278] devtmpfs: initialized
[    0.201276] x86/mm: Memory block size: 128MB
[    0.202575] evm: security.selinux
[    0.204010] evm: security.SMACK64
[    0.204860] evm: security.SMACK64EXEC
[    0.205801] evm: security.SMACK64TRANSMUTE
[    0.206806] evm: security.SMACK64MMAP
[    0.208008] evm: security.apparmor
[    0.212005] evm: security.ima
[    0.212980] evm: security.capability
[    0.214334] clocksource: jiffies: mask: 0xffffffff max_cycles: 0xffffffff, max_idle_ns: 7645041785100000 ns
[    0.216038] futex hash table entries: 256 (order: 2, 16384 bytes)
[    0.218034] pinctrl core: initialized pinctrl subsystem
[    0.220176] RTC time: 11:30:51, date: 01/20/21
[    0.221802] NET: Registered protocol family 16
[    0.224115] audit: initializing netlink subsys (disabled)
[    0.226122] cpuidle: using governor ladder
[    0.227438] cpuidle: using governor menu
[    0.228064] ACPI: bus type PCI registered
[    0.229401] acpiphp: ACPI Hot Plug PCI Controller Driver version: 0.5
[    0.232012] audit: type=2000 audit(1611142256.153:1): state=initialized audit_enabled=0 res=1
[    0.236148] PCI: Using configuration type 1 for base access
[    0.239525] HugeTLB registered 2.00 MiB page size, pre-allocated 0 pages
[    0.241217] ACPI: Added _OSI(Module Device)
[    0.244021] ACPI: Added _OSI(Processor Device)
[    0.245167] ACPI: Added _OSI(3.0 _SCP Extensions)
[    0.248007] ACPI: Added _OSI(Processor Aggregator Device)
[    0.249685] ACPI: Added _OSI(Linux-Dell-Video)
[    0.251096] ACPI: Added _OSI(Linux-Lenovo-NV-HDMI-Audio)
[    0.252031] ACPI: Added _OSI(Linux-HPI-Hybrid-Graphics)
[    0.254180] ACPI: Executed 1 blocks of module-level executable AML code
[    0.261449] ACPI: Interpreter enabled
[    0.262686] ACPI: (supports S0 S5)
[    0.263795] ACPI: Using IOAPIC for interrupt routing
[    0.264392] PCI: Using host bridge windows from ACPI; if necessary, use "pci=nocrs" and report a bug
[    0.268278] ACPI: Enabled 2 GPEs in block 00 to 07
[    0.282745] ACPI: PCI Root Bridge [PCI0] (domain 0000 [bus 00-ff])
[    0.284020] acpi PNP0A03:00: _OSC: OS supports [ASPM ClockPM Segments MSI]
[    0.286154] acpi PNP0A03:00: _OSC: not requesting OS control; OS requires [ExtendedConfig ASPM ClockPM MSI]
[    0.288057] acpi PNP0A03:00: fail to add MMCONFIG information, can't access extended PCI configuration space under this bridge.
[    0.292732] PCI host bridge to bus 0000:00
[    0.294074] pci_bus 0000:00: root bus resource [io  0x0000-0x0cf7 window]
[    0.296017] pci_bus 0000:00: root bus resource [io  0x0d00-0xffff window]
[    0.298018] pci_bus 0000:00: root bus resource [mem 0x000a0000-0x000bffff window]
[    0.300029] pci_bus 0000:00: root bus resource [mem 0x40000000-0xfdffffff window]
[    0.304029] pci_bus 0000:00: root bus resource [bus 00-ff]
[    0.312264] pci 0000:00:01.1: legacy IDE quirk: reg 0x10: [io  0x01f0-0x01f7]
[    0.316024] pci 0000:00:01.1: legacy IDE quirk: reg 0x14: [io  0x03f6]
[    0.320013] pci 0000:00:01.1: legacy IDE quirk: reg 0x18: [io  0x0170-0x0177]
[    0.322169] pci 0000:00:01.1: legacy IDE quirk: reg 0x1c: [io  0x0376]
[    0.365224] pci 0000:00:07.0: quirk: [io  0x4000-0x403f] claimed by PIIX4 ACPI
[    0.367599] pci 0000:00:07.0: quirk: [io  0x4100-0x410f] claimed by PIIX4 SMB
[    0.394688] ACPI: PCI Interrupt Link [LNKA] (IRQs 5 9 10 *11)
[    0.396521] ACPI: PCI Interrupt Link [LNKB] (IRQs 5 9 *10 11)
[    0.398492] ACPI: PCI Interrupt Link [LNKC] (IRQs 5 *9 10 11)
[    0.400203] ACPI: PCI Interrupt Link [LNKD] (IRQs 5 9 10 *11)
[    0.402625] SCSI subsystem initialized
[    0.404202] pci 0000:00:02.0: vgaarb: setting as boot VGA device
[    0.406054] pci 0000:00:02.0: vgaarb: VGA device added: decodes=io+mem,owns=io+mem,locks=none
[    0.408010] pci 0000:00:02.0: vgaarb: bridge control possible
[    0.409791] vgaarb: loaded
[    0.412058] ACPI: bus type USB registered
[    0.413370] usbcore: registered new interface driver usbfs
[    0.416027] usbcore: registered new interface driver hub
[    0.417376] usbcore: registered new device driver usb
[    0.418716] EDAC MC: Ver: 3.0.0
[    0.420461] PCI: Using ACPI for IRQ routing
[    0.421935] NetLabel: Initializing
[    0.422839] NetLabel:  domain hash size = 128
[    0.424004] NetLabel:  protocols = UNLABELED CIPSOv4 CALIPSO
[    0.425395] NetLabel:  unlabeled traffic allowed by default
[    0.426923] clocksource: Switched to clocksource kvm-clock
[    0.444849] VFS: Disk quotas dquot_6.6.0
[    0.531950] VFS: Dquot-cache hash table entries: 512 (order 0, 4096 bytes)
[    0.533869] AppArmor: AppArmor Filesystem Enabled
[    0.535096] pnp: PnP ACPI init
[    0.537646] pnp: PnP ACPI: found 3 devices
[    0.545124] clocksource: acpi_pm: mask: 0xffffff max_cycles: 0xffffff, max_idle_ns: 2085701024 ns
[    0.607377] NET: Registered protocol family 2
[    0.609086] TCP established hash table entries: 8192 (order: 4, 65536 bytes)
[    0.611341] TCP bind hash table entries: 8192 (order: 5, 131072 bytes)
[    0.613479] TCP: Hash tables configured (established 8192 bind 8192)
[    0.615490] UDP hash table entries: 512 (order: 2, 16384 bytes)
[    0.617423] UDP-Lite hash table entries: 512 (order: 2, 16384 bytes)
[    0.619412] NET: Registered protocol family 1
[    0.620858] pci 0000:00:00.0: Limiting direct PCI/PCI transfers
[    0.653996] pci 0000:00:01.0: Activating ISA DMA hang workarounds
[    0.655535] pci 0000:00:02.0: Video device with shadowed ROM at [mem 0x000c0000-0x000dffff]
[    0.671904] Unpacking initramfs...
[    1.082453] Freeing initrd memory: 19220K
[    1.111853] clocksource: tsc: mask: 0xffffffffffffffff max_cycles: 0x20974986637, max_idle_ns: 440795286310 ns
[    1.114400] platform rtc_cmos: registered platform RTC device (no PNP device found)
[    1.116323] Scanning for low memory corruption every 60 seconds
[    1.118999] Initialise system trusted keyrings
[    1.120489] Key type blacklist registered
[    1.123681] workingset: timestamp_bits=36 max_order=18 bucket_order=0
[    1.128313] zbud: loaded
[    1.130120] squashfs: version 4.0 (2009/01/31) Phillip Lougher
[    1.132196] fuse init (API version 7.26)
[    1.134946] Key type asymmetric registered
[    1.136319] Asymmetric key parser 'x509' registered
[    1.142379] Block layer SCSI generic (bsg) driver version 0.4 loaded (major 246)
[    1.144932] io scheduler noop registered
[    1.146225] io scheduler deadline registered
[    1.147631] io scheduler cfq registered (default)
[    1.149645] ACPI: AC Adapter [AC] (on-line)
[    1.157764] input: Power Button as /devices/LNXSYSTM:00/LNXPWRBN:00/input/input0
[    1.159610] ACPI: Power Button [PWRF]
[    1.160676] input: Sleep Button as /devices/LNXSYSTM:00/LNXSLPBN:00/input/input1
[    1.162776] ACPI: Sleep Button [SLPF]
[    1.165246] ACPI: Battery Slot [BAT0] (battery present)
[    1.166842] Serial: 8250/16550 driver, 32 ports, IRQ sharing enabled
[    1.192128] 00:02: ttyS0 at I/O 0x3f8 (irq = 4, base_baud = 115200) is a 16550A
[    1.234042] Linux agpgart interface v0.103
[    1.247368] loop: module loaded
[    1.249068] scsi host0: ata_piix
[    1.250035] scsi host1: ata_piix
[    1.250933] ata1: PATA max UDMA/33 cmd 0x1f0 ctl 0x3f6 bmdma 0xd000 irq 14
[    1.252699] ata2: PATA max UDMA/33 cmd 0x170 ctl 0x376 bmdma 0xd008 irq 15
[    1.255073] libphy: Fixed MDIO Bus: probed
[    1.256112] tun: Universal TUN/TAP device driver, 1.6
[    1.271612] PPP generic driver version 2.4.2
[    1.272833] ehci_hcd: USB 2.0 'Enhanced' Host Controller (EHCI) Driver
[    1.274411] ehci-pci: EHCI PCI platform driver
[    1.275556] ehci-platform: EHCI generic platform driver
[    1.276923] ohci_hcd: USB 1.1 'Open' Host Controller (OHCI) Driver
[    1.317174] ohci-pci: OHCI PCI platform driver
[    1.342140] ohci-platform: OHCI generic platform driver
[    1.352846] uhci_hcd: USB Universal Host Controller Interface driver
[    1.354607] i8042: PNP: PS/2 Controller [PNP0303:PS2K,PNP0f03:PS2M] at 0x60,0x64 irq 1,12
[    1.357306] serio: i8042 KBD port at 0x60,0x64 irq 1
[    1.358616] serio: i8042 AUX port at 0x60,0x64 irq 12
[    1.361925] mousedev: PS/2 mouse device common for all mice
[    1.366879] input: AT Translated Set 2 keyboard as /devices/platform/i8042/serio0/input/input2
[    1.378164] rtc_cmos rtc_cmos: rtc core: registered rtc_cmos as rtc0
[    1.379947] rtc_cmos rtc_cmos: alarms up to one day, 114 bytes nvram
[    1.422314] i2c /dev entries driver
[    1.442153] device-mapper: uevent: version 1.0.3
[    1.450002] device-mapper: ioctl: 4.37.0-ioctl (2017-09-20) initialised: dm-devel@redhat.com
[    1.452080] ledtrig-cpu: registered to indicate activity on CPUs
[    1.453989] NET: Registered protocol family 10
[    1.461925] Segment Routing with IPv6
[    1.472411] NET: Registered protocol family 17
[    1.473931] Key type dns_resolver registered
[    1.475458] mce: Using 0 MCE banks
[    1.491424] RAS: Correctable Errors collector initialized.
[    1.492899] sched_clock: Marking stable (1492853020, 0)->(2751217639, -1258364619)
[    1.495083] registered taskstats version 1
[    1.496172] Loading compiled-in X.509 certificates
[    1.501266] Loaded X.509 cert 'Build time autogenerated kernel key: c1c8ea2cd851660a7b5f89f76ba0bd3ce6817142'
[    1.503766] zswap: loaded using pool lzo/zbud
[    1.509731] Key type big_key registered
[    1.510762] Key type trusted registered
[    1.523769] Key type encrypted registered
[    1.525286] AppArmor: AppArmor sha1 policy hashing enabled
[    1.527019] ima: No TPM chip found, activating TPM-bypass! (rc=-19)
[    1.605289] ima: Allocated hash algorithm: sha1
[    1.622253] evm: HMAC attrs: 0x1
[    1.623529]   Magic number: 5:116:530
[    1.624693] tty ttyS10: hash matches
[    1.625975] rtc_cmos rtc_cmos: setting system clock to 2021-01-20 11:30:53 UTC (1611142253)
[    1.628815] BIOS EDD facility v0.16 2004-Jun-25, 0 devices found
[    1.630686] EDD information not available.
[    1.656892] Freeing unused kernel image memory: 2440K
[    1.664117] Write protecting the kernel read-only data: 20480k
[    1.726613] Freeing unused kernel image memory: 2008K
[    1.728611] Freeing unused kernel image memory: 1868K
[    1.742356] x86/mm: Checked W+X mappings: passed, no W+X pages found.
[    1.752864] x86/mm: Checking user space page tables
[    1.766124] x86/mm: Checked W+X mappings: passed, no W+X pages found.
Loading, please wait...
starting version 237
[    2.054316] e1000: Intel(R) PRO/1000 Network Driver - version 7.3.21-k8-NAPI
[    2.056723] e1000: Copyright (c) 1999-2006 Intel Corporation.
[    2.113851] Fusion MPT base driver 3.04.20
[    2.132165] Copyright (c) 1999-2008 LSI Corporation
[    2.251319] Fusion MPT SPI Host driver 3.04.20
[    2.318066] input: ImExPS/2 Generic Explorer Mouse as /devices/platform/i8042/serio1/input/input4
[    2.831527] e1000 0000:00:03.0 eth0: (PCI:33MHz:32-bit) 02:d3:a8:fb:02:de
[    2.886341] e1000 0000:00:03.0 eth0: Intel(R) PRO/1000 Network Connection
[    2.889345] mptbase: ioc0: Initiating bringup
[    2.984405] ioc0: LSI53C1030 A0: Capabilities={Initiator}
[    3.260437] scsi host2: ioc0: LSI53C1030 A0, FwRev=00000000h, Ports=1, MaxQ=256, IRQ=20
[    3.784716] scsi 2:0:0:0: Direct-Access     VBOX     HARDDISK         1.0  PQ: 0 ANSI: 5
[    3.805442] scsi target2:0:0: Beginning Domain Validation
[    3.808501] random: fast init done
[    3.810061] scsi target2:0:0: Domain Validation skipping write tests
[    3.812024] scsi target2:0:0: Ending Domain Validation
[    3.813817] scsi target2:0:0: asynchronous
[    3.815873] scsi 2:0:1:0: Direct-Access     VBOX     HARDDISK         1.0  PQ: 0 ANSI: 5
[    3.818213] scsi target2:0:1: Beginning Domain Validation
[    3.820503] scsi target2:0:1: Domain Validation skipping write tests
[    3.822097] scsi target2:0:1: Ending Domain Validation
[    3.823395] scsi target2:0:1: asynchronous
[    3.829678] random: systemd-udevd: uninitialized urandom read (16 bytes read)
[    3.831494] random: systemd-udevd: uninitialized urandom read (16 bytes read)
[    3.833622] sd 2:0:0:0: [sda] 83886080 512-byte logical blocks: (42.9 GB/40.0 GiB)
[    3.835537] sd 2:0:0:0: [sda] Write Protect is off
[    3.837029] sd 2:0:0:0: Attached scsi generic sg0 type 0
[    3.838409] random: systemd-udevd: uninitialized urandom read (16 bytes read)
[    3.840489] sd 2:0:0:0: [sda] Incomplete mode parameter data
[    3.841953] sd 2:0:0:0: [sda] Assuming drive cache: write through
[    3.843759] sd 2:0:1:0: [sdb] 20480 512-byte logical blocks: (10.5 MB/10.0 MiB)
[    3.845709] sd 2:0:1:0: [sdb] Write Protect is off
[    3.862239] sd 2:0:1:0: Attached scsi generic sg1 type 0
[    3.885364]  sda: sda1
[    3.887340] sd 2:0:0:0: [sda] Attached SCSI disk
[    3.908488] sd 2:0:1:0: [sdb] Incomplete mode parameter data
[    3.910405] sd 2:0:1:0: [sdb] Assuming drive cache: write through
[    3.962688] sd 2:0:1:0: [sdb] Attached SCSI disk
[    4.302198] e1000 0000:00:08.0 eth1: (PCI:33MHz:32-bit) 08:00:27:0c:a8:d6
[    4.329732] e1000 0000:00:08.0 eth1: Intel(R) PRO/1000 Network Connection
[    4.333995] e1000 0000:00:03.0 enp0s3: renamed from eth0
[    4.342413] e1000 0000:00:08.0 enp0s8: renamed from eth1
Begin: Loading essential drivers ... [    5.991450] raid6: sse2x1   gen()  5960 MB/s
[    6.045033] raid6: sse2x1   xor()  3334 MB/s
[    6.129065] raid6: sse2x2   gen()  6889 MB/s
[    6.213061] raid6: sse2x2   xor()  4499 MB/s
[    6.273074] raid6: sse2x4   gen()  6759 MB/s
[    6.391524] raid6: sse2x4   xor()  5875 MB/s
[    6.513528] raid6: using algorithm sse2x2 gen() 6889 MB/s
[    6.524509] raid6: .... xor() 4499 MB/s, rmw enabled
[    6.526420] raid6: using ssse3x2 recovery algorithm
[    6.531632] xor: measuring software checksum speed
[    6.597071]    prefetch64-sse: 27332.000 MB/sec
[    6.681100]    generic_sse: 24245.000 MB/sec
[    6.682602] xor: using function: prefetch64-sse (27332.000 MB/sec)
[    6.687640] async_tx: api initialized (async)
done.
Begin: Running /scripts/init-premount ... done.
Begin: Mounting root file system ... Begin: Running /scripts/local-top ... done.
Begin: Running /scripts/local-premount ... [    6.781572] Btrfs loaded, crc32c=crc32c-intel
Scanning for Btrfs filesystems
done.
Warning: fsck not present, so skipping root file system
[    7.010738] EXT4-fs (sda1): mounted filesystem with ordered data mode. Opts: (null)
done.
Begin: Running /scripts/local-bottom ... done.
Begin: Running /scripts/init-bottom ... done.
[    8.319158] ip_tables: (C) 2000-2006 Netfilter Core Team
[    8.450887] systemd[1]: systemd 237 running in system mode. (+PAM +AUDIT +SELINUX +IMA +APPARMOR +SMACK +SYSVINIT +UTMP +LIBCRYPTSETUP +GCRYPT +GNUTLS +ACL +XZ +LZ4 +SECCOMP +BLKID +ELFUTILS +KMOD -IDN2 +IDN -PCRE2 default-hierarchy=hybrid)
[    8.493932] systemd[1]: Detected virtualization oracle.
[    8.495221] systemd[1]: Detected architecture x86-64.

Welcome to [1mUbuntu 18.04.5 LTS[0m!

[    8.540595] systemd[1]: Set hostname to <ubuntu>.
[    8.612933] systemd[1]: Initializing machine ID from random generator.
[    8.670856] systemd[1]: Installed transient /etc/machine-id file.
[    9.008156] random: crng init done
[    9.032644] random: 7 urandom warning(s) missed due to ratelimiting
[   10.352253] systemd[1]: Created slice System Slice.
[[0;32m  OK  [0m] Created slice System Slice.
[   10.532747] systemd[1]: Listening on Network Service Netlink Socket.
[[0;32m  OK  [0m] Listening on Network Service Netlink Socket.
[   10.571165] systemd[1]: Listening on Journal Socket (/dev/log).
[[0;32m  OK  [0m] Listening on Journal Socket (/dev/log).
[   10.575776] systemd[1]: Reached target Swap.
[[0;32m  OK  [0m] Reached target Swap.
[[0;32m  OK  [0m] Reached target System Time Synchronized.
[[0;32m  OK  [0m] Listening on Device-mapper event daemon FIFOs.
[[0;32m  OK  [0m] Reached target User and Group Name Lookups.
[[0;32m  OK  [0m] Listening on udev Kernel Socket.
[[0;32m  OK  [0m] Listening on Journal Audit Socket.
[[0;32m  OK  [0m] Listening on /dev/initctl Compatibility Named Pipe.
[[0;32m  OK  [0m] Created slice system-serial\x2dgetty.slice.
[[0;32m  OK  [0m] Listening on udev Control Socket.
[[0;32m  OK  [0m] Set up automount Arbitrary Executabâ€¦rmats File System Automount Point.
[[0;32m  OK  [0m] Listening on Syslog Socket.
[[0;32m  OK  [0m] Listening on LVM2 poll daemon socket.
[[0;32m  OK  [0m] Listening on LVM2 metadata daemon socket.
[[0;32m  OK  [0m] Listening on Journal Socket.
         Starting Set the console keyboard layout...
         Mounting Huge Pages File System...
         Starting Remount Root and Kernel File Systems...
         Starting udev Coldplug all Devices...
         Mounting Kernel [   10.847573] EXT4-fs (sda1): re-mounted. Opts: (null)
Debug File System...
         Starting Load Kernel Modules...
         Mounting POSIX Message Queue File System...
         Starting Create list of required stâ€¦ce nodes for the current kernel...
         Starting Monitoring of LVM2 mirrorsâ€¦ng dmeventd or progress polling...
[[0;32m  OK  [0m] Created slice User and Session Slice.
[[0;32m  OK  [0m] Reached target Slices.
         Starting Uncomplicated firewall...
         Starting Journal Service...
[[0;32m  OK  [0m] Started Forward Password Requests to Wall Directory Watch.
[[0;32m  OK  [0m] Mounted Huge Pages File System.
[[0;32m  OK  [0m] Started Remount Root and Kernel File Systems.
[[0;32m  OK  [0m] Mounted Kernel Debug File System.
[[0;32m  OK  [0m] Mounted POSIX Message Queue File System.
[[0;32m  OK  [0m] Started Create list of required staâ€¦vice nodes for the current kernel.
         Starting Create Static Device Nodes in /dev...
         Starting Load/Save Random Seed...
[   11.107212] Loading iSCSI transport class v2.0-870.
[[0;32m  OK  [0m] Started Uncomplicated firewall.
[[0;32m  OK  [0m] Started udev Coldplug all Devices.
[[0;32m  OK  [0m] Started Set the console keyboard layout.
[[0;32m  OK  [0m] Started Journal Service.
         Starting Flush Journal to Persistent Storage...
[   11.311176] iscsi: registered transport (tcp)
[[0;32m  OK  [0m] Started Load/Save Random Seed.
[   11.504782] systemd-journald[393]: Received request to flush runtime journal from PID 1
[[0;32m  OK  [0m] Started Create Static Device Nodes in /dev.
         Starting udev Kernel Device Manager...
[[0;32m  OK  [0m] Started Flush Journal to Persistent Storage.
[[0;32m  OK  [0m] Started LVM2 metadata daemon.
[   11.898972] iscsi: registered transport (iser)
[[0;32m  OK  [0m] Started Load Kernel Modules.
         Mounting FUSE Control File System...
         Starting Apply Kernel Variables...
         Mounting Kernel Configuration File System...
[[0;32m  OK  [0m] Mounted FUSE Control File System.
[[0;32m  OK  [0m] Mounted Kernel Configuration File System.
[[0;32m  OK  [0m] Started udev Kernel Device Manager.
[[0;32m  OK  [0m] Started Dispatch Password Requests to Console Directory Watch.
[[0;32m  OK  [0m] Reached target Local Encrypted Volumes.
[[0;32m  OK  [0m] Started Apply Kernel Variables.
[[0;32m  OK  [0m] Started Monitoring of LVM2 mirrors,â€¦sing dmeventd or progress polling.
[[0;32m  OK  [0m] Reached target Local File Systems (Pre).
[[0;32m  OK  [0m] Reached target Local File Systems.
         Starting Tell Plymouth To Write Out Runtime Data...
         Starting ebtables ruleset management...
         Starting Create Volatile Files and Directories...
         Starting Set console font and keymap...
         Starting AppArmor initialization...
         Starting Commit a transient machine-id on disk...
[[0;32m  OK  [0m] Started Tell Plymouth To Write Out Runtime Data.
[[0;32m  OK  [0m] Started Create Volatile Files and Directories.
[[0;32m  OK  [0m] Started Set console font and keymap.
         Starting Update UTMP about System Boot/Shutdown...
[[0;32m  OK  [0m] Started Update UTMP about System Boot/Shutdown.
[[0;32m  OK  [0m] Started Commit a transient machine-id on disk.
[[0;32m  OK  [0m] Started ebtables ruleset management.
[[0;32m  OK  [0m] Found device /dev/ttyS0.
[[0;32m  OK  [0m] Listening on Load/Save RF Kill Switch Status /dev/rfkill Watch.
[[0;32m  OK  [0m] Started AppArmor initialization.
         Starting Load AppArmor profiles managed internally by snapd...
         Starting Initial cloud-init job (pre-networking)...
[[0;32m  OK  [0m] Started Load AppArmor profiles managed internally by snapd.
[   21.622351] cloud-init[543]: Cloud-init v. 20.4-0ubuntu1~18.04.2 running 'init-local' at Wed, 20 Jan 2021 11:31:12 +0000. Up 20.47 seconds.
[[0;32m  OK  [0m] Started Initial cloud-init job (pre-networking).
[[0;32m  OK  [0m] Reached target Network (Pre).
         Starting Network Service...
[[0;32m  OK  [0m] Started Network Service.
         Starting Wait for Network to be Configured...
         Starting Network Name Resolution...
[[0;32m  OK  [0m] Started Network Name Resolution.
[[0;32m  OK  [0m] Reached target Network.
[[0;32m  OK  [0m] Reached target Host and Network Name Lookups.
[[0;32m  OK  [0m] Started Wait for Network to be Configured.
         Starting Initial cloud-init job (metadata service crawler)...
[   24.579923] cloud-init[655]: Cloud-init v. 20.4-0ubuntu1~18.04.2 running 'init' at Wed, 20 Jan 2021 11:31:16 +0000. Up 24.21 seconds.
[   24.600739] cloud-init[655]: ci-info: ++++++++++++++++++++++++++++++++++++++Net device info++++++++++++++++++++++++++++++++++++++
[   24.610689] cloud-init[655]: ci-info: +--------+-------+---------------------------+---------------+--------+-------------------+
[   24.615292] cloud-init[655]: ci-info: | Device |   Up  |          Address          |      Mask     | Scope  |     Hw-Address    |
[   24.628853] cloud-init[655]: ci-info: +--------+-------+---------------------------+---------------+--------+-------------------+
[   24.633468] cloud-init[655]: ci-info: | enp0s3 |  True |         10.0.2.15         | 255.255.255.0 | global | 02:d3:a8:fb:02:de |
[   24.636863] cloud-init[655]: ci-info: | enp0s3 |  True | fe80::d3:a8ff:fefb:2de/64 |       .       |  link  | 02:d3:a8:fb:02:de |
[   24.652896] cloud-init[655]: ci-info: | enp0s8 | False |             .             |       .       |   .    | 08:00:27:0c:a8:d6 |
[   24.712460] cloud-init[655]: ci-info: |   lo   |  True |         127.0.0.1         |   255.0.0.0   |  host  |         .         |
[   24.734235] cloud-init[655]: ci-info: |   lo   |  True |          ::1/128          |       .       |  host  |         .         |
[   24.739573] cloud-init[655]: ci-info: +--------+-------+---------------------------+---------------+--------+-------------------+
[   24.745019] cloud-init[655]: ci-info: ++++++++++++++++++++++++++++Route IPv4 info+++++++++++++++++++++++++++++
[   24.747814] cloud-init[655]: ci-info: +-------+-------------+----------+-----------------+-----------+-------+
[   24.750851] cloud-init[655]: ci-info: | Route | Destination | Gateway  |     Genmask     | Interface | Flags |
[   24.753994] cloud-init[655]: ci-info: +-------+-------------+----------+-----------------+-----------+-------+
[   24.765817] cloud-init[655]: ci-info: |   0   |   0.0.0.0   | 10.0.2.2 |     0.0.0.0     |   enp0s3  |   UG  |
[   24.770739] cloud-init[655]: ci-info: |   1   |   10.0.2.0  | 0.0.0.0  |  255.255.255.0  |   enp0s3  |   U   |
[   24.778244] cloud-init[655]: ci-info: |   2   |   10.0.2.2  | 0.0.0.0  | 255.255.255.255 |   enp0s3  |   UH  |
[   24.781798] cloud-init[655]: ci-info: +-------+-------------+----------+-----------------+-----------+-------+
[   24.786475] cloud-init[655]: ci-info: +++++++++++++++++++Route IPv6 info+++++++++++++++++++
[   24.796188] cloud-init[655]: ci-info: +-------+-------------+---------+-----------+-------+
[   24.808322] cloud-init[655]: ci-info: | Route | Destination | Gateway | Interface | Flags |
[   24.812389] cloud-init[655]: ci-info: +-------+-------------+---------+-----------+-------+
[   24.815606] cloud-init[655]: ci-info: |   1   |  fe80::/64  |    ::   |   enp0s3  |   U   |
[   24.818611] cloud-init[655]: ci-info: |   3   |    local    |    ::   |   enp0s3  |   U   |
[   24.826350] cloud-init[655]: ci-info: |   4   |   ff00::/8  |    ::   |   enp0s3  |   U   |
[   24.833160] cloud-init[655]: ci-info: +-------+-------------+---------+-----------+-------+
[   27.190410] cloud-init[655]: Generating public/private rsa key pair.
[   27.214933] cloud-init[655]: Your identification has been saved in /etc/ssh/ssh_host_rsa_key.
[   27.256445] cloud-init[655]: Your public key has been saved in /etc/ssh/ssh_host_rsa_key.pub.
[   27.264732] cloud-init[655]: The key fingerprint is:
[   27.266520] cloud-init[655]: SHA256:iApwWV3Xz4g0xsFpz/yBflhj1MPRxta5LSBKXNeso0w root@ubuntu-bionic
[   27.273778] cloud-init[655]: The key's randomart image is:
[[   27.385804] cloud-init[655]: +---[RSA 2048]----+
[   27.386966] cloud-init[655]: |    .. o.+++.o.+=|
[   27.387085] cloud-init[655]: |   o  . o.X.o ++B|
[   27.387191] cloud-init[655]: |. o    . = B O o+|
[   27.387305] cloud-init[655]: |..   . .. E O O..|
[   27.387410] cloud-init[655]: |.   . . So o * + |
[   27.387516] cloud-init[655]: | . .      o o o  |
[   27.387630] cloud-init[655]: |  .          .   |
[   27.387763] cloud-init[655]: |                 |
[   27.387860] cloud-init[655]: |                 |
[   27.387953] cloud-init[655]: +----[SHA256]-----+
[   27.388051] cloud-init[655]: Generating public/private dsa key pair.
[   27.388164] cloud-init[655]: Your identification has been saved in /etc/ssh/ssh_host_dsa_key.
[   27.388271] cloud-init[655]: Your public key has been saved in /etc/ssh/ssh_host_dsa_key.pub.
[   27.388366] cloud-init[655]: The key fingerprint is:
[   27.388460] cloud-init[655]: SHA256:wHJmKkBH0nrNrOJoUOFIofHsxxJ6witHDqm0OLV1nrc root@ubuntu-bionic
[   27.388567] cloud-init[655]: The key's randomart image is:
[   27.388662] cloud-init[655]: +---[DSA 1024]----+
[   27.388765] cloud-init[655]: |.++o             |
[   27.388869] cloud-init[655]: |o=+. .           |
[   27.388975] cloud-init[655]: |+o=.= *          |
[   27.389073] cloud-init[655]: |o*o+ X .         |
[   27.389168] cloud-init[655]: |=+O * . S        |
[   27.389270] cloud-init[655]: |=OoB o .         |
[   27.389367] cloud-init[655]: |Oo=   o .        |
[   27.389473] cloud-init[655]: |o=     . .       |
[   27.389577] cloud-init[655]: |.       E        |
[   27.389685] cloud-init[655]: +----[SHA256]-----+
[   27.389784] cloud-init[655]: Generating public/private ecdsa key pair.
[   27.389899] cloud-init[655]: Your identification has been saved in /etc/ssh/ssh_host_ecdsa_key.
[   27.390006] cloud-init[655]: Your public key has been saved in /etc/ssh/ssh_host_ecdsa_key.pub.
[   27.390111] cloud-init[655]: The key fingerprint is:
[   27.390205] cloud-init[655]: SHA256:0Cn8JbUiSwhmh00ZW7cou86MDHFRSFAQ4de0Y6AGfXg root@ubuntu-bionic
[   27.390312] cloud-init[655]: The key's randomart image is:
[   27.390419] cloud-init[655]: +---[ECDSA 256]---+
[   27.390525] cloud-init[655]: |*O*B=+. . .      |
[   27.390730] cloud-init[655]: |oo*+E=.+ + .     |
[   27.390881] cloud-init[655]: | +.++=B * o      |
[   27.390992] cloud-init[655]: |. ...+.* +       |
[   27.391089] cloud-init[655]: |. . . . S        |
[   27.391192] cloud-init[655]: | o   .           |
[   27.391293] cloud-init[655]: |.   .            |
[   27.391473] cloud-init[655]: | o =             |
[   27.391645] cloud-init[655]: |  o +            |
[0;32m  OK  [0m] Started Initial cloud-init job (metadata service crawler).
[[0;32m  OK  [0m] Reached target Cloud-config availability.
[[0;32m  OK  [0m] Reached target Network is Online.
[   27.397076] cloud-init[655]: +----[SHA256]-----+
[   27.692797] cloud-init[655]: Generating public/private ed25519 key pair.
[   27.705731] cloud-init[655]: Your identification has been saved in /etc/ssh/ssh_host_ed25519_key.
[   27.714036] cloud-init[655]: Your public key has been saved in /etc/ssh/ssh_host_ed25519_key.pub.
[   27.723630] cloud-init[655]: The key fingerprint is:
[   27.726698] cloud-init[655]: SHA256:X2BNgdLwI876U0RAJwQq4yNdQq4CaPVoyD4+/mqBXss root@ubuntu-bionic
[   27.729680] cloud-init[655]: The key's randomart image is:
[   27.731920] cloud-init[655]: +--[ED25519 256]--+
[   27.734234] cloud-init[655]: |  ..  .+*+..o.   |
[   27.735994] cloud-init[655]: |ooo o.  .++o     |
[   27.737669] cloud-init[655]: |o+=oo.  .o= .    |
[   27.739347] cloud-init[655]: |++.=   o o.o     |
[   27.741016] cloud-init[655]: |=o+     S.  .    |
         [   27.786983] cloud-init[655]: |+o.o   . ...     |
[   27.787551] cloud-init[655]: |.o+ . .  ..      |
[   27.787734] cloud-init[655]: |.o.E   ..        |
[   27.788809] cloud-init[655]: |.oo.    ..       |
[   27.788983] cloud-init[655]: +----[SHA256]-----+
Starting Availability of block devices...
[[0;32m  OK  [0m] Reached target Remote File Systems (Pre).
[[0;32m  OK  [0m] Reached target Remote File Systems.
[[0;32m  OK  [0m] Reached target System Initialization.
[[0;32m  OK  [0m] Listening on UUID daemon activation socket.
[[0;32m  OK  [0m] Started Message of the Day.
[[0;32m  OK  [0m] Started ACPI Events Check.
[[0;32m  OK  [0m] Listening on Open-iSCSI iscsid Socket.
[[0;32m  OK  [0m] Started Daily Cleanup of Temporary Directories.
[[0;32m  OK  [0m] Reached target Paths.
[[0;32m  OK  [0m] Started Daily apt download activities.
[[0;32m  OK  [0m] Started Daily apt upgrade and clean activities.
         Starting LXD - unix socket.
[[0;32m  OK  [0m] Listening on ACPID Listen Socket.
         Starting Socket activation for snappy daemon.
[[0;32m  OK  [0m] Listening on D-Bus System Message Bus Socket.
[[0;32m  OK  [0m] Started Discard unused blocks once a week.
[[0;32m  OK  [0m] Reached target Timers.
[[0;32m  OK  [0m] Started Availability of block devices.
[[0;32m  OK  [0m] Listening on LXD - unix socket.
[[0;32m  OK  [0m] Listening on Socket activation for snappy daemon.
[[0;32m  OK  [0m] Reached target Sockets.
[[0;32m  OK  [0m] Reached target Basic System.
[[0;32m  OK  [0m] Started Regular background program processing daemon.
         Starting Virtualbox guest utils...
         Starting Pollinate to seed the pseudo random number generator...
         Starting LSB: Record successful boot for GRUB...
         Starting Dispatcher daemon for systemd-networkd...
         Starting System Logging Service...
         Starting Accounts Service...
[[0;32m  OK  [0m] Started Deferred execution scheduler.
[[0;32m  OK  [0m] Started FUSE filesystem for LXC.
         Starting Login Service...
         Starting Snap Daemon...
         Starting LSB: automatic crash report generation...
         Starting Permit User Sessions...
[[0;32m  OK  [0m] Started irqbalance daemon.
[[0;32m  OK  [0m] Started D-Bus System Message Bus.
[[0;32m  OK  [0m] Started Login Service.
[[0;32m  OK  [0m] Started Unattended Upgrades Shutdown.
         Starting LXD - container startup/shutdown...
[[0;32m  OK  [0m] Started System Logging Service.
[[0;32m  OK  [0m] Started Permit User Sessions.
         Starting Hold until boot process finishes up...
         Starting Terminate Plymouth Boot Screen...
[[0;32m  OK  [0m] Started Hold until boot process finishes up.
[[0;32m  OK  [0m] Started Terminate Plymouth Boot Screen.
         Starting Set console scheme...
[[0;32m  OK  [0m] Started Serial Getty on ttyS0.
[[0;32m  OK  [0m] Started Set console scheme.
[[0;32m  OK  [0m] Created slice system-getty.slice.
[[0;32m  OK  [0m] Started Getty on tty1.
[[0;32m  OK  [0m] Reached target Login Prompts.
         Starting Authorization Manager...
[[0;32m  OK  [0m] Started LSB: automatic crash report generation.
[[0;32m  OK  [0m] Started LSB: Record successful boot for GRUB.
[[0;32m  OK  [0m] Started Dispatcher daemon for systemd-networkd.
[[0;32m  OK  [0m] Started Authorization Manager.
[[0;32m  OK  [0m] Started Accounts Service.
[[0;32m  OK  [0m] Started Virtualbox guest utils.
[[0;32m  OK  [0m] Started LXD - container startup/shutdown.
[[0;32m  OK  [0m] Started Snap Daemon.
         Starting Wait until snapd is fully seeded...

Ubuntu 18.04.5 LTS ubuntu-bionic ttyS0

ubuntu-bionic login: [   42.405497] cloud-init[1229]: Cloud-init v. 20.4-0ubuntu1~18.04.2 running 'modules:config' at Wed, 20 Jan 2021 11:31:31 +0000. Up 39.77 seconds.
ci-info: no authorized SSH keys fingerprints found for user ubuntu.
<14>Jan 20 11:31:36 ec2: 
<14>Jan 20 11:31:36 ec2: #############################################################
<14>Jan 20 11:31:36 ec2: -----BEGIN SSH HOST KEY FINGERPRINTS-----
<14>Jan 20 11:31:36 ec2: 1024 SHA256:wHJmKkBH0nrNrOJoUOFIofHsxxJ6witHDqm0OLV1nrc root@ubuntu-bionic (DSA)
<14>Jan 20 11:31:36 ec2: 256 SHA256:0Cn8JbUiSwhmh00ZW7cou86MDHFRSFAQ4de0Y6AGfXg root@ubuntu-bionic (ECDSA)
<14>Jan 20 11:31:36 ec2: 256 SHA256:X2BNgdLwI876U0RAJwQq4yNdQq4CaPVoyD4+/mqBXss root@ubuntu-bionic (ED25519)
<14>Jan 20 11:31:36 ec2: 2048 SHA256:iApwWV3Xz4g0xsFpz/yBflhj1MPRxta5LSBKXNeso0w root@ubuntu-bionic (RSA)
<14>Jan 20 11:31:36 ec2: -----END SSH HOST KEY FINGERPRINTS-----
<14>Jan 20 11:31:36 ec2: #############################################################
-----BEGIN SSH HOST KEY KEYS-----
ecdsa-sha2-nistp256 AAAAE2VjZHNhLXNoYTItbmlzdHAyNTYAAAAIbmlzdHAyNTYAAABBBMuL4euqGUy/5VP05dfc2aHG9cFhFExzmJkfidyWahEnb+WABUEY7pazfcDw0OYq6YpKhUm3RBwjavA9a4IKZaU= root@ubuntu-bionic
ssh-ed25519 AAAAC3NzaC1lZDI1NTE5AAAAIKao4HZkumqfAfmGi+uetIdUdqdA9Iq7/U+vWP37iInC root@ubuntu-bionic
ssh-rsa AAAAB3NzaC1yc2EAAAADAQABAAABAQC6PzGSwoQiRVN/b1JtvVdj8WUW7oTvNzqg6+JtnZgSAMlxO1flEnZVvtKzGC+8nG4Ro+GPJOT6mFUwRrbgqPeiyfjYzBtNu8hbrf9b5XgynU22iPMRfUf3rFEm9K/IdVs5KOs7EzitJCEoZ+m1Ty88A+Ry/5XA8H8b+m0oHIFTpm0ejNg4gpFObt7OP8LDsVVJf0bwxNnjUr9EUGsPXPGOifIdWgkP5PzuwyYN5VNwgGM5TqeQz9bODDCHZmaA6uBoBqJIfBslHnULikiGa1J4mBF3uCqh+aVN3arOynH8WtvEfHG2p8+etdDp0BTfG/jBBAVbv4l5gDKMSfgTIO2X root@ubuntu-bionic
-----END SSH HOST KEY KEYS-----
[   44.264696] cloud-init[1397]: Cloud-init v. 20.4-0ubuntu1~18.04.2 running 'modules:final' at Wed, 20 Jan 2021 11:31:35 +0000. Up 43.80 seconds.
[   44.264893] cloud-init[1397]: ci-info: no authorized SSH keys fingerprints found for user ubuntu.
[   44.264996] cloud-init[1397]: Cloud-init v. 20.4-0ubuntu1~18.04.2 finished at Wed, 20 Jan 2021 11:31:36 +0000. Datasource DataSourceNoCloud [seed=/dev/sdb][dsmode=net].  Up 44.23 seconds
